This is pdfTeX, Version 3.141592653-2.6-1.40.25 (MiKTeX 24.1) (preloaded format=pdflatex 2025.10.5)  29 DEC 2025 06:56
entering extended mode
 restricted \write18 enabled.
 %&-line parsing enabled.
**D:/Downloads/thesis_HTR_ViT/HTR-VT-main/test.py
(D:/Downloads/thesis_HTR_ViT/HTR-VT-main/test.py
LaTeX2e <2023-11-01> patch level 1
L3 programming layer <2024-01-04>

! LaTeX Error: Missing \begin{document}.

See the LaTeX manual or LaTeX Companion for explanation.
Type  H <return>  for immediate help.
 ...                                              
                                                  
l.1 i
     mport torch
You're in trouble here.  Try typing  <return>  to proceed.
If that doesn't work, type  X <return>  to quit.

Missing character: There is no i in font nullfont!
Missing character: There is no m in font nullfont!
Missing character: There is no p in font nullfont!
Missing character: There is no o in font nullfont!
Missing character: There is no r in font nullfont!
Missing character: There is no t in font nullfont!
Missing character: There is no t in font nullfont!
Missing character: There is no o in font nullfont!
Missing character: There is no r in font nullfont!
Missing character: There is no c in font nullfont!
Missing character: There is no h in font nullfont!
Missing character: There is no i in font nullfont!
Missing character: There is no m in font nullfont!
Missing character: There is no p in font nullfont!
Missing character: There is no o in font nullfont!
Missing character: There is no r in font nullfont!
Missing character: There is no t in font nullfont!
Missing character: There is no o in font nullfont!
Missing character: There is no s in font nullfont!
Missing character: There is no i in font nullfont!
Missing character: There is no m in font nullfont!
Missing character: There is no p in font nullfont!
Missing character: There is no o in font nullfont!
Missing character: There is no r in font nullfont!
Missing character: There is no t in font nullfont!
Missing character: There is no r in font nullfont!
Missing character: There is no e in font nullfont!
Missing character: There is no i in font nullfont!
Missing character: There is no m in font nullfont!
Missing character: There is no p in font nullfont!
Missing character: There is no o in font nullfont!
Missing character: There is no r in font nullfont!
Missing character: There is no t in font nullfont!
Missing character: There is no j in font nullfont!
Missing character: There is no s in font nullfont!
Missing character: There is no o in font nullfont!
Missing character: There is no n in font nullfont!
Missing character: There is no i in font nullfont!
Missing character: There is no m in font nullfont!
Missing character: There is no p in font nullfont!
Missing character: There is no o in font nullfont!
Missing character: There is no r in font nullfont!
Missing character: There is no t in font nullfont!
Missing character: There is no v in font nullfont!
Missing character: There is no a in font nullfont!
Missing character: There is no l in font nullfont!
Missing character: There is no i in font nullfont!
Missing character: There is no d in font nullfont!
Missing character: There is no f in font nullfont!
Missing character: There is no r in font nullfont!
Missing character: There is no o in font nullfont!
Missing character: There is no m in font nullfont!
Missing character: There is no u in font nullfont!
Missing character: There is no t in font nullfont!
Missing character: There is no i in font nullfont!
Missing character: There is no l in font nullfont!
Missing character: There is no s in font nullfont!
Missing character: There is no i in font nullfont!
Missing character: There is no m in font nullfont!
Missing character: There is no p in font nullfont!
Missing character: There is no o in font nullfont!
Missing character: There is no r in font nullfont!
Missing character: There is no t in font nullfont!
Missing character: There is no u in font nullfont!
Missing character: There is no t in font nullfont!
Missing character: There is no i in font nullfont!
Missing character: There is no l in font nullfont!
Missing character: There is no s in font nullfont!
Missing character: There is no f in font nullfont!
Missing character: There is no r in font nullfont!
Missing character: There is no o in font nullfont!
Missing character: There is no m in font nullfont!
Missing character: There is no u in font nullfont!
Missing character: There is no t in font nullfont!
Missing character: There is no i in font nullfont!
Missing character: There is no l in font nullfont!
Missing character: There is no s in font nullfont!
Missing character: There is no i in font nullfont!
Missing character: There is no m in font nullfont!
Missing character: There is no p in font nullfont!
Missing character: There is no o in font nullfont!
Missing character: There is no r in font nullfont!
Missing character: There is no t in font nullfont!
Missing character: There is no o in font nullfont!
Missing character: There is no p in font nullfont!
Missing character: There is no t in font nullfont!
Missing character: There is no i in font nullfont!
Missing character: There is no o in font nullfont!
Missing character: There is no n in font nullfont!
Missing character: There is no f in font nullfont!
Missing character: There is no r in font nullfont!
Missing character: There is no o in font nullfont!
Missing character: There is no m in font nullfont!
Missing character: There is no d in font nullfont!
Missing character: There is no a in font nullfont!
Missing character: There is no t in font nullfont!
Missing character: There is no a in font nullfont!
Missing character: There is no i in font nullfont!
Missing character: There is no m in font nullfont!
Missing character: There is no p in font nullfont!
Missing character: There is no o in font nullfont!
Missing character: There is no r in font nullfont!
Missing character: There is no t in font nullfont!
Missing character: There is no d in font nullfont!
Missing character: There is no a in font nullfont!
Missing character: There is no t in font nullfont!
Missing character: There is no a in font nullfont!
Missing character: There is no s in font nullfont!
Missing character: There is no e in font nullfont!
Missing character: There is no t in font nullfont!
Missing character: There is no f in font nullfont!
Missing character: There is no r in font nullfont!
Missing character: There is no o in font nullfont!
Missing character: There is no m in font nullfont!
Missing character: There is no m in font nullfont!
Missing character: There is no o in font nullfont!
Missing character: There is no d in font nullfont!
Missing character: There is no e in font nullfont!
Missing character: There is no l in font nullfont!
Missing character: There is no i in font nullfont!
Missing character: There is no m in font nullfont!
Missing character: There is no p in font nullfont!
Missing character: There is no o in font nullfont!
Missing character: There is no r in font nullfont!
Missing character: There is no t in font nullfont!
Missing character: There is no H in font nullfont!
Missing character: There is no T in font nullfont!
Missing character: There is no R in font nullfont!
! Missing $ inserted.
<inserted text> 
                $
l.9 from model import HTR_
                          VT
I've inserted a begin-math/end-math symbol since I think
you left one out. Proceed, with fingers crossed.

LaTeX Font Info:    External font `cmex10' loaded for size
(Font)              <7> on input line 9.
LaTeX Font Info:    External font `cmex10' loaded for size
(Font)              <5> on input line 9.
! Missing $ inserted.
<inserted text> 
                $
l.11 
     
I've inserted a begin-math/end-math symbol since I think
you left one out. Proceed, with fingers crossed.


Overfull \hbox (20.0pt too wide) in paragraph at lines 1--11
[]
 []


Overfull \hbox (173.33072pt too wide) in paragraph at lines 1--11
[]\OML/cmm/m/it/10 TfromcollectionsimportOrderedDict$ 
 []


! LaTeX Error: Missing \begin{document}.

See the LaTeX manual or LaTeX Companion for explanation.
Type  H <return>  for immediate help.
 ...                                              
                                                  
l.13 d
      ef main():
You're in trouble here.  Try typing  <return>  to proceed.
If that doesn't work, type  X <return>  to quit.

Missing character: There is no d in font nullfont!
Missing character: There is no e in font nullfont!
Missing character: There is no f in font nullfont!
Missing character: There is no m in font nullfont!
Missing character: There is no a in font nullfont!
Missing character: There is no i in font nullfont!
Missing character: There is no n in font nullfont!
Missing character: There is no ( in font nullfont!
Missing character: There is no ) in font nullfont!
Missing character: There is no : in font nullfont!

Overfull \hbox (20.0pt too wide) in paragraph at lines 13--14
[]
 []


! LaTeX Error: Missing \begin{document}.

See the LaTeX manual or LaTeX Companion for explanation.
Type  H <return>  for immediate help.
 ...                                              
                                                  
l.15     d
          evice = torch.device("cuda:0" if torch.cuda.is_available() else "c...

You're in trouble here.  Try typing  <return>  to proceed.
If that doesn't work, type  X <return>  to quit.

Missing character: There is no d in font nullfont!
Missing character: There is no e in font nullfont!
Missing character: There is no v in font nullfont!
Missing character: There is no i in font nullfont!
Missing character: There is no c in font nullfont!
Missing character: There is no e in font nullfont!
Missing character: There is no = in font nullfont!
Missing character: There is no t in font nullfont!
Missing character: There is no o in font nullfont!
Missing character: There is no r in font nullfont!
Missing character: There is no c in font nullfont!
Missing character: There is no h in font nullfont!
Missing character: There is no . in font nullfont!
Missing character: There is no d in font nullfont!
Missing character: There is no e in font nullfont!
Missing character: There is no v in font nullfont!
Missing character: There is no i in font nullfont!
Missing character: There is no c in font nullfont!
Missing character: There is no e in font nullfont!
Missing character: There is no ( in font nullfont!
Missing character: There is no " in font nullfont!
Missing character: There is no c in font nullfont!
Missing character: There is no u in font nullfont!
Missing character: There is no d in font nullfont!
Missing character: There is no a in font nullfont!
Missing character: There is no : in font nullfont!
Missing character: There is no 0 in font nullfont!
Missing character: There is no " in font nullfont!
Missing character: There is no i in font nullfont!
Missing character: There is no f in font nullfont!
Missing character: There is no t in font nullfont!
Missing character: There is no o in font nullfont!
Missing character: There is no r in font nullfont!
Missing character: There is no c in font nullfont!
Missing character: There is no h in font nullfont!
Missing character: There is no . in font nullfont!
Missing character: There is no c in font nullfont!
Missing character: There is no u in font nullfont!
Missing character: There is no d in font nullfont!
Missing character: There is no a in font nullfont!
Missing character: There is no . in font nullfont!
Missing character: There is no i in font nullfont!
Missing character: There is no s in font nullfont!
! Missing $ inserted.
<inserted text> 
                $
l.15 ... = torch.device("cuda:0" if torch.cuda.is_
                                                  available() else "cpu")
I've inserted a begin-math/end-math symbol since I think
you left one out. Proceed, with fingers crossed.

! Missing $ inserted.
<inserted text> 
                $
l.17 
     
I've inserted a begin-math/end-math symbol since I think
you left one out. Proceed, with fingers crossed.


Overfull \hbox (20.0pt too wide) in paragraph at lines 15--17
[]
 []


Overfull \hbox (221.92105pt too wide) in paragraph at lines 15--17
[]\OML/cmm/m/it/10 vailable\OT1/cmr/m/n/10 ()\OML/cmm/m/it/10 else\OT1/cmr/m/n/
10 "\OML/cmm/m/it/10 cpu\OT1/cmr/m/n/10 ")\OML/cmm/m/it/10 torch:manual[]eed\OT
1/cmr/m/n/10 (\OML/cmm/m/it/10 args:seed\OT1/cmr/m/n/10 )$ 
 []


! LaTeX Error: Missing \begin{document}.

See the LaTeX manual or LaTeX Companion for explanation.
Type  H <return>  for immediate help.
 ...                                              
                                                  
l.18     a
          rgs.save_dir = os.path.join(args.out_dir, args.exp_name)
You're in trouble here.  Try typing  <return>  to proceed.
If that doesn't work, type  X <return>  to quit.

Missing character: There is no a in font nullfont!
Missing character: There is no r in font nullfont!
Missing character: There is no g in font nullfont!
Missing character: There is no s in font nullfont!
Missing character: There is no . in font nullfont!
Missing character: There is no s in font nullfont!
Missing character: There is no a in font nullfont!
Missing character: There is no v in font nullfont!
Missing character: There is no e in font nullfont!
! Missing $ inserted.
<inserted text> 
                $
l.18     args.save_
                   dir = os.path.join(args.out_dir, args.exp_name)
I've inserted a begin-math/end-math symbol since I think
you left one out. Proceed, with fingers crossed.

! Missing $ inserted.
<inserted text> 
                $
l.22 
     
I've inserted a begin-math/end-math symbol since I think
you left one out. Proceed, with fingers crossed.


Overfull \hbox (43.45288pt too wide) in paragraph at lines 18--22
[]$[]\OML/cmm/m/it/10 ir \OT1/cmr/m/n/10 =
 []


Overfull \hbox (337.91986pt too wide) in paragraph at lines 18--22
\OML/cmm/m/it/10 os:path:join\OT1/cmr/m/n/10 (\OML/cmm/m/it/10 args:out[]ir; ar
gs:exp[]ame\OT1/cmr/m/n/10 )\OML/cmm/m/it/10 os:makedirs\OT1/cmr/m/n/10 (\OML/c
mm/m/it/10 args:save[]ir; exist[]k \OT1/cmr/m/n/10 =
 []


Overfull \hbox (64.57764pt too wide) in paragraph at lines 18--22
\OML/cmm/m/it/10 True\OT1/cmr/m/n/10 )\OML/cmm/m/it/10 logger \OT1/cmr/m/n/10 =

 []


Overfull \hbox (329.61244pt too wide) in paragraph at lines 18--22
\OML/cmm/m/it/10 utils:get[]ogger\OT1/cmr/m/n/10 (\OML/cmm/m/it/10 args:save[]i
r\OT1/cmr/m/n/10 )\OML/cmm/m/it/10 logger:info\OT1/cmr/m/n/10 (\OML/cmm/m/it/10
 json:dumps\OT1/cmr/m/n/10 (\OML/cmm/m/it/10 vars\OT1/cmr/m/n/10 (\OML/cmm/m/it
/10 args\OT1/cmr/m/n/10 )\OML/cmm/m/it/10 ; indent \OT1/cmr/m/n/10 =
 []


Overfull \hbox (57.46068pt too wide) in paragraph at lines 18--22
\OT1/cmr/m/n/10 4\OML/cmm/m/it/10 ; sort[]eys \OT1/cmr/m/n/10 =
 []


Overfull \hbox (30.18066pt too wide) in paragraph at lines 18--22
\OML/cmm/m/it/10 True\OT1/cmr/m/n/10 ))$ 
 []


! LaTeX Error: Missing \begin{document}.

See the LaTeX manual or LaTeX Companion for explanation.
Type  H <return>  for immediate help.
 ...                                              
                                                  
l.23     m
          odel = HTR_VT.create_model(nb_cls=args.nb_cls, img_size=args.img_s...

You're in trouble here.  Try typing  <return>  to proceed.
If that doesn't work, type  X <return>  to quit.

Missing character: There is no m in font nullfont!
Missing character: There is no o in font nullfont!
Missing character: There is no d in font nullfont!
Missing character: There is no e in font nullfont!
Missing character: There is no l in font nullfont!
Missing character: There is no = in font nullfont!
Missing character: There is no H in font nullfont!
Missing character: There is no T in font nullfont!
Missing character: There is no R in font nullfont!
! Missing $ inserted.
<inserted text> 
                $
l.23     model = HTR_
                     VT.create_model(nb_cls=args.nb_cls, img_size=args.img_s...
I've inserted a begin-math/end-math symbol since I think
you left one out. Proceed, with fingers crossed.

! Missing $ inserted.
<inserted text> 
                $
l.24 
     
I've inserted a begin-math/end-math symbol since I think
you left one out. Proceed, with fingers crossed.


Overfull \hbox (20.0pt too wide) in paragraph at lines 23--24
[]
 []


Overfull \hbox (105.8911pt too wide) in paragraph at lines 23--24
[]\OML/cmm/m/it/10 T:create[]odel\OT1/cmr/m/n/10 (\OML/cmm/m/it/10 nb[]ls \OT1/
cmr/m/n/10 =
 []


Overfull \hbox (94.36572pt too wide) in paragraph at lines 23--24
\OML/cmm/m/it/10 args:nb[]ls; img[]ize \OT1/cmr/m/n/10 =
 []


Overfull \hbox (65.46333pt too wide) in paragraph at lines 23--24
\OML/cmm/m/it/10 args:img[]ize\OT1/cmr/m/n/10 [::
 []


Overfull \hbox (19.4445pt too wide) in paragraph at lines 23--24
\OMS/cmsy/m/n/10 ^^@\OT1/cmr/m/n/10 1])$ 
 []

! You can't use `macro parameter character #' in vertical mode.
l.25     #
           --- MODIFIED: Load based on the defined 'total_iter' ---
Sorry, but I'm not programmed to handle this case;
I'll just pretend that you didn't ask for it.
If you're in the wrong mode, you might be able to
return to the right one by typing `I}' or `I$' or `I\par'.


! LaTeX Error: Missing \begin{document}.

See the LaTeX manual or LaTeX Companion for explanation.
Type  H <return>  for immediate help.
 ...                                              
                                                  
l.25     # -
            -- MODIFIED: Load based on the defined 'total_iter' ---
You're in trouble here.  Try typing  <return>  to proceed.
If that doesn't work, type  X <return>  to quit.

Missing character: There is no - in font nullfont!
Missing character: There is no - in font nullfont!
Missing character: There is no - in font nullfont!
Missing character: There is no M in font nullfont!
Missing character: There is no O in font nullfont!
Missing character: There is no D in font nullfont!
Missing character: There is no I in font nullfont!
Missing character: There is no F in font nullfont!
Missing character: There is no I in font nullfont!
Missing character: There is no E in font nullfont!
Missing character: There is no D in font nullfont!
Missing character: There is no : in font nullfont!
Missing character: There is no L in font nullfont!
Missing character: There is no o in font nullfont!
Missing character: There is no a in font nullfont!
Missing character: There is no d in font nullfont!
Missing character: There is no b in font nullfont!
Missing character: There is no a in font nullfont!
Missing character: There is no s in font nullfont!
Missing character: There is no e in font nullfont!
Missing character: There is no d in font nullfont!
Missing character: There is no o in font nullfont!
Missing character: There is no n in font nullfont!
Missing character: There is no t in font nullfont!
Missing character: There is no h in font nullfont!
Missing character: There is no e in font nullfont!
Missing character: There is no d in font nullfont!
Missing character: There is no e in font nullfont!
Missing character: There is no f in font nullfont!
Missing character: There is no i in font nullfont!
Missing character: There is no n in font nullfont!
Missing character: There is no e in font nullfont!
Missing character: There is no d in font nullfont!
Missing character: There is no ' in font nullfont!
Missing character: There is no t in font nullfont!
Missing character: There is no o in font nullfont!
Missing character: There is no t in font nullfont!
Missing character: There is no a in font nullfont!
Missing character: There is no l in font nullfont!
! Missing $ inserted.
<inserted text> 
                $
l.25 ...ODIFIED: Load based on the defined 'total_
                                                  iter' ---
I've inserted a begin-math/end-math symbol since I think
you left one out. Proceed, with fingers crossed.

! You can't use `macro parameter character #' in math mode.
l.26     #
           1. Construct the path to the specific iteration folder
Sorry, but I'm not programmed to handle this case;
I'll just pretend that you didn't ask for it.
If you're in the wrong mode, you might be able to
return to the right one by typing `I}' or `I$' or `I\par'.

! Missing $ inserted.
<inserted text> 
                $
l.28 
     
I've inserted a begin-math/end-math symbol since I think
you left one out. Proceed, with fingers crossed.


Overfull \hbox (20.0pt too wide) in paragraph at lines 25--28
[]
 []


Overfull \hbox (26.96939pt too wide) in paragraph at lines 25--28
[]\OML/cmm/m/it/10 ter[] \OMS/cmsy/m/n/10 ^^@
 []


Overfull \hbox (15.5556pt too wide) in paragraph at lines 25--28
\OMS/cmsy/m/n/10 ^^@ ^^@
 []


Overfull \hbox (259.74454pt too wide) in paragraph at lines 25--28
\OT1/cmr/m/n/10 1\OML/cmm/m/it/10 :Constructthepathtothespecificiterationfolder
iter[]ath \OT1/cmr/m/n/10 =
 []


Overfull \hbox (262.50839pt too wide) in paragraph at lines 25--28
\OML/cmm/m/it/10 os:path:join\OT1/cmr/m/n/10 (\OML/cmm/m/it/10 args:save[]ir; f
[]iter[];[] best[]ER:pth[]\OT1/cmr/m/n/10 )$ 
 []

! You can't use `macro parameter character #' in vertical mode.
l.29     #
           2. Logic: Check if that specific folder exists
Sorry, but I'm not programmed to handle this case;
I'll just pretend that you didn't ask for it.
If you're in the wrong mode, you might be able to
return to the right one by typing `I}' or `I$' or `I\par'.


! LaTeX Error: Missing \begin{document}.

See the LaTeX manual or LaTeX Companion for explanation.
Type  H <return>  for immediate help.
 ...                                              
                                                  
l.29     # 2
            . Logic: Check if that specific folder exists
You're in trouble here.  Try typing  <return>  to proceed.
If that doesn't work, type  X <return>  to quit.

Missing character: There is no 2 in font nullfont!
Missing character: There is no . in font nullfont!
Missing character: There is no L in font nullfont!
Missing character: There is no o in font nullfont!
Missing character: There is no g in font nullfont!
Missing character: There is no i in font nullfont!
Missing character: There is no c in font nullfont!
Missing character: There is no : in font nullfont!
Missing character: There is no C in font nullfont!
Missing character: There is no h in font nullfont!
Missing character: There is no e in font nullfont!
Missing character: There is no c in font nullfont!
Missing character: There is no k in font nullfont!
Missing character: There is no i in font nullfont!
Missing character: There is no f in font nullfont!
Missing character: There is no t in font nullfont!
Missing character: There is no h in font nullfont!
Missing character: There is no a in font nullfont!
Missing character: There is no t in font nullfont!
Missing character: There is no s in font nullfont!
Missing character: There is no p in font nullfont!
Missing character: There is no e in font nullfont!
Missing character: There is no c in font nullfont!
Missing character: There is no i in font nullfont!
Missing character: There is no f in font nullfont!
Missing character: There is no i in font nullfont!
Missing character: There is no c in font nullfont!
Missing character: There is no f in font nullfont!
Missing character: There is no o in font nullfont!
Missing character: There is no l in font nullfont!
Missing character: There is no d in font nullfont!
Missing character: There is no e in font nullfont!
Missing character: There is no r in font nullfont!
Missing character: There is no e in font nullfont!
Missing character: There is no x in font nullfont!
Missing character: There is no i in font nullfont!
Missing character: There is no s in font nullfont!
Missing character: There is no t in font nullfont!
Missing character: There is no s in font nullfont!
Missing character: There is no i in font nullfont!
Missing character: There is no f in font nullfont!
Missing character: There is no o in font nullfont!
Missing character: There is no s in font nullfont!
Missing character: There is no . in font nullfont!
Missing character: There is no p in font nullfont!
Missing character: There is no a in font nullfont!
Missing character: There is no t in font nullfont!
Missing character: There is no h in font nullfont!
Missing character: There is no . in font nullfont!
Missing character: There is no e in font nullfont!
Missing character: There is no x in font nullfont!
Missing character: There is no i in font nullfont!
Missing character: There is no s in font nullfont!
Missing character: There is no t in font nullfont!
Missing character: There is no s in font nullfont!
Missing character: There is no ( in font nullfont!
Missing character: There is no i in font nullfont!
Missing character: There is no t in font nullfont!
Missing character: There is no e in font nullfont!
Missing character: There is no r in font nullfont!
! Missing $ inserted.
<inserted text> 
                $
l.30     if os.path.exists(iter_
                                path):
I've inserted a begin-math/end-math symbol since I think
you left one out. Proceed, with fingers crossed.


! LaTeX Error: Unicode character 📍 (U+1F4CD)
               not set up for use with LaTeX.

See the LaTeX manual or LaTeX Companion for explanation.
Type  H <return>  for immediate help.
 ...                                              
                                                  
l.32         logger.info(f'📍
                                Found specific iteration checkpoint: {pth_pa...

You may provide a definition with
\DeclareUnicodeCharacter 

! You can't use `macro parameter character #' in math mode.
l.34         #
               Fallback: Try the main folder if the specific iter folder is ...
Sorry, but I'm not programmed to handle this case;
I'll just pretend that you didn't ask for it.
If you're in the wrong mode, you might be able to
return to the right one by typing `I}' or `I$' or `I\par'.


! LaTeX Error: Unicode character ⚠ (U+26A0)
               not set up for use with LaTeX.

See the LaTeX manual or LaTeX Companion for explanation.
Type  H <return>  for immediate help.
 ...                                              
                                                  
l.35         logger.info(f'⚠
                              ️ Folder "iter_{args.total_iter}" not found....

You may provide a definition with
\DeclareUnicodeCharacter 


! LaTeX Error: Unicode character ️ (U+FE0F)
               not set up for use with LaTeX.

See the LaTeX manual or LaTeX Companion for explanation.
Type  H <return>  for immediate help.
 ...                                              
                                                  
l.35         logger.info(f'⚠️
                                  Folder "iter_{args.total_iter}" not found....

You may provide a definition with
\DeclareUnicodeCharacter 

! Missing $ inserted.
<inserted text> 
                $
l.37 
     
I've inserted a begin-math/end-math symbol since I think
you left one out. Proceed, with fingers crossed.


Overfull \hbox (20.0pt too wide) in paragraph at lines 29--37
[]
 []


Overfull \hbox (28.72533pt too wide) in paragraph at lines 29--37
[]\OML/cmm/m/it/10 ath\OT1/cmr/m/n/10 ) :
 []


Overfull \hbox (44.24039pt too wide) in paragraph at lines 29--37
\OML/cmm/m/it/10 pth[]ath \OT1/cmr/m/n/10 =
 []


Overfull \hbox (256.6624pt too wide) in paragraph at lines 29--37
\OML/cmm/m/it/10 iter[]athlogger:info\OT1/cmr/m/n/10 (\OML/cmm/m/it/10 f[]Found
specificiterationcheckpoint \OT1/cmr/m/n/10 :
 []


Overfull \hbox (63.11543pt too wide) in paragraph at lines 29--37
[][]\OT1/cmr/m/n/10 )\OML/cmm/m/it/10 else \OT1/cmr/m/n/10 :
 []


Overfull \hbox (44.44794pt too wide) in paragraph at lines 29--37
\OML/cmm/m/it/10 Fallback \OT1/cmr/m/n/10 :
 []


Overfull \hbox (617.86455pt too wide) in paragraph at lines 29--37
\OML/cmm/m/it/10 Trythemainfolderifthespecificiterfolderismissinglogger:info\OT
1/cmr/m/n/10 (\OML/cmm/m/it/10 f[]Folder\OT1/cmr/m/n/10 "\OML/cmm/m/it/10 iter[
]\OT1/cmr/m/n/10 "\OML/cmm/m/it/10 notfound:Checkingdefaultlocation:::[]\OT1/cm
r/m/n/10 )\OML/cmm/m/it/10 pth[]ath \OT1/cmr/m/n/10 =
 []


Overfull \hbox (183.22786pt too wide) in paragraph at lines 29--37
\OML/cmm/m/it/10 os:path:join\OT1/cmr/m/n/10 (\OML/cmm/m/it/10 args:save[]ir;[]
 best[]ER:pth[]\OT1/cmr/m/n/10 )$ 
 []


! LaTeX Error: Missing \begin{document}.

See the LaTeX manual or LaTeX Companion for explanation.
Type  H <return>  for immediate help.
 ...                                              
                                                  
l.38     i
          f not os.path.exists(pth_path):
You're in trouble here.  Try typing  <return>  to proceed.
If that doesn't work, type  X <return>  to quit.

Missing character: There is no i in font nullfont!
Missing character: There is no f in font nullfont!
Missing character: There is no n in font nullfont!
Missing character: There is no o in font nullfont!
Missing character: There is no t in font nullfont!
Missing character: There is no o in font nullfont!
Missing character: There is no s in font nullfont!
Missing character: There is no . in font nullfont!
Missing character: There is no p in font nullfont!
Missing character: There is no a in font nullfont!
Missing character: There is no t in font nullfont!
Missing character: There is no h in font nullfont!
Missing character: There is no . in font nullfont!
Missing character: There is no e in font nullfont!
Missing character: There is no x in font nullfont!
Missing character: There is no i in font nullfont!
Missing character: There is no s in font nullfont!
Missing character: There is no t in font nullfont!
Missing character: There is no s in font nullfont!
Missing character: There is no ( in font nullfont!
Missing character: There is no p in font nullfont!
Missing character: There is no t in font nullfont!
Missing character: There is no h in font nullfont!
! Missing $ inserted.
<inserted text> 
                $
l.38     if not os.path.exists(pth_
                                   path):
I've inserted a begin-math/end-math symbol since I think
you left one out. Proceed, with fingers crossed.


! LaTeX Error: Unicode character ❌ (U+274C)
               not set up for use with LaTeX.

See the LaTeX manual or LaTeX Companion for explanation.
Type  H <return>  for immediate help.
 ...                                              
                                                  
l.39         logger.error(f"❌
                                Error: No checkpoint found at {pth_path}")
You may provide a definition with
\DeclareUnicodeCharacter 

! You can't use `macro parameter character #' in math mode.
l.41     #
           ---------------------------------------------------------
Sorry, but I'm not programmed to handle this case;
I'll just pretend that you didn't ask for it.
If you're in the wrong mode, you might be able to
return to the right one by typing `I}' or `I$' or `I\par'.

! Missing $ inserted.
<inserted text> 
                $
l.42 
     
I've inserted a begin-math/end-math symbol since I think
you left one out. Proceed, with fingers crossed.


Overfull \hbox (20.0pt too wide) in paragraph at lines 38--42
[]
 []


Overfull \hbox (28.72533pt too wide) in paragraph at lines 38--42
[]\OML/cmm/m/it/10 ath\OT1/cmr/m/n/10 ) :
 []


Overfull \hbox (101.4145pt too wide) in paragraph at lines 38--42
\OML/cmm/m/it/10 logger:error\OT1/cmr/m/n/10 (\OML/cmm/m/it/10 f\OT1/cmr/m/n/10
 "\OML/cmm/m/it/10 Error \OT1/cmr/m/n/10 :
 []


Overfull \hbox (178.076pt too wide) in paragraph at lines 38--42
\OML/cmm/m/it/10 Nocheckpointfoundat[]\OT1/cmr/m/n/10 ")\OML/cmm/m/it/10 return
 \OMS/cmsy/m/n/10 ^^@
 []


Overfull \hbox (15.5556pt too wide) in paragraph at lines 38--42
\OMS/cmsy/m/n/10 ^^@ ^^@
 []


Overfull \hbox (15.5556pt too wide) in paragraph at lines 38--42
\OMS/cmsy/m/n/10 ^^@ ^^@
 []


Overfull \hbox (15.5556pt too wide) in paragraph at lines 38--42
\OMS/cmsy/m/n/10 ^^@ ^^@
 []


Overfull \hbox (15.5556pt too wide) in paragraph at lines 38--42
\OMS/cmsy/m/n/10 ^^@ ^^@
 []


Overfull \hbox (15.5556pt too wide) in paragraph at lines 38--42
\OMS/cmsy/m/n/10 ^^@ ^^@
 []


Overfull \hbox (15.5556pt too wide) in paragraph at lines 38--42
\OMS/cmsy/m/n/10 ^^@ ^^@
 []


Overfull \hbox (15.5556pt too wide) in paragraph at lines 38--42
\OMS/cmsy/m/n/10 ^^@ ^^@
 []


Overfull \hbox (15.5556pt too wide) in paragraph at lines 38--42
\OMS/cmsy/m/n/10 ^^@ ^^@
 []


Overfull \hbox (15.5556pt too wide) in paragraph at lines 38--42
\OMS/cmsy/m/n/10 ^^@ ^^@
 []


Overfull \hbox (15.5556pt too wide) in paragraph at lines 38--42
\OMS/cmsy/m/n/10 ^^@ ^^@
 []


Overfull \hbox (15.5556pt too wide) in paragraph at lines 38--42
\OMS/cmsy/m/n/10 ^^@ ^^@
 []


Overfull \hbox (15.5556pt too wide) in paragraph at lines 38--42
\OMS/cmsy/m/n/10 ^^@ ^^@
 []


Overfull \hbox (15.5556pt too wide) in paragraph at lines 38--42
\OMS/cmsy/m/n/10 ^^@ ^^@
 []


Overfull \hbox (15.5556pt too wide) in paragraph at lines 38--42
\OMS/cmsy/m/n/10 ^^@ ^^@
 []


Overfull \hbox (15.5556pt too wide) in paragraph at lines 38--42
\OMS/cmsy/m/n/10 ^^@ ^^@
 []


Overfull \hbox (15.5556pt too wide) in paragraph at lines 38--42
\OMS/cmsy/m/n/10 ^^@ ^^@
 []


Overfull \hbox (15.5556pt too wide) in paragraph at lines 38--42
\OMS/cmsy/m/n/10 ^^@ ^^@
 []


Overfull \hbox (15.5556pt too wide) in paragraph at lines 38--42
\OMS/cmsy/m/n/10 ^^@ ^^@
 []


Overfull \hbox (15.5556pt too wide) in paragraph at lines 38--42
\OMS/cmsy/m/n/10 ^^@ ^^@
 []


Overfull \hbox (15.5556pt too wide) in paragraph at lines 38--42
\OMS/cmsy/m/n/10 ^^@ ^^@
 []


Overfull \hbox (15.5556pt too wide) in paragraph at lines 38--42
\OMS/cmsy/m/n/10 ^^@ ^^@
 []


Overfull \hbox (15.5556pt too wide) in paragraph at lines 38--42
\OMS/cmsy/m/n/10 ^^@ ^^@
 []


Overfull \hbox (15.5556pt too wide) in paragraph at lines 38--42
\OMS/cmsy/m/n/10 ^^@ ^^@
 []


Overfull \hbox (15.5556pt too wide) in paragraph at lines 38--42
\OMS/cmsy/m/n/10 ^^@ ^^@
 []


Overfull \hbox (15.5556pt too wide) in paragraph at lines 38--42
\OMS/cmsy/m/n/10 ^^@ ^^@
 []


Overfull \hbox (15.5556pt too wide) in paragraph at lines 38--42
\OMS/cmsy/m/n/10 ^^@ ^^@
 []


Overfull \hbox (15.5556pt too wide) in paragraph at lines 38--42
\OMS/cmsy/m/n/10 ^^@ ^^@
 []


Overfull \hbox (15.5556pt too wide) in paragraph at lines 38--42
\OMS/cmsy/m/n/10 ^^@^^@$ 
 []


! LaTeX Error: Missing \begin{document}.

See the LaTeX manual or LaTeX Companion for explanation.
Type  H <return>  for immediate help.
 ...                                              
                                                  
l.43     l
          ogger.info('loading HWR checkpoint from {}'.format(pth_path))
You're in trouble here.  Try typing  <return>  to proceed.
If that doesn't work, type  X <return>  to quit.

Missing character: There is no l in font nullfont!
Missing character: There is no o in font nullfont!
Missing character: There is no g in font nullfont!
Missing character: There is no g in font nullfont!
Missing character: There is no e in font nullfont!
Missing character: There is no r in font nullfont!
Missing character: There is no . in font nullfont!
Missing character: There is no i in font nullfont!
Missing character: There is no n in font nullfont!
Missing character: There is no f in font nullfont!
Missing character: There is no o in font nullfont!
Missing character: There is no ( in font nullfont!
Missing character: There is no ' in font nullfont!
Missing character: There is no l in font nullfont!
Missing character: There is no o in font nullfont!
Missing character: There is no a in font nullfont!
Missing character: There is no d in font nullfont!
Missing character: There is no i in font nullfont!
Missing character: There is no n in font nullfont!
Missing character: There is no g in font nullfont!
Missing character: There is no H in font nullfont!
Missing character: There is no W in font nullfont!
Missing character: There is no R in font nullfont!
Missing character: There is no c in font nullfont!
Missing character: There is no h in font nullfont!
Missing character: There is no e in font nullfont!
Missing character: There is no c in font nullfont!
Missing character: There is no k in font nullfont!
Missing character: There is no p in font nullfont!
Missing character: There is no o in font nullfont!
Missing character: There is no i in font nullfont!
Missing character: There is no n in font nullfont!
Missing character: There is no t in font nullfont!
Missing character: There is no f in font nullfont!
Missing character: There is no r in font nullfont!
Missing character: There is no o in font nullfont!
Missing character: There is no m in font nullfont!
Missing character: There is no ' in font nullfont!
Missing character: There is no . in font nullfont!
Missing character: There is no f in font nullfont!
Missing character: There is no o in font nullfont!
Missing character: There is no r in font nullfont!
Missing character: There is no m in font nullfont!
Missing character: There is no a in font nullfont!
Missing character: There is no t in font nullfont!
Missing character: There is no ( in font nullfont!
Missing character: There is no p in font nullfont!
Missing character: There is no t in font nullfont!
Missing character: There is no h in font nullfont!
! Missing $ inserted.
<inserted text> 
                $
l.43 ...oading HWR checkpoint from {}'.format(pth_
                                                  path))
I've inserted a begin-math/end-math symbol since I think
you left one out. Proceed, with fingers crossed.

! Missing $ inserted.
<inserted text> 
                $
l.44 
     
I've inserted a begin-math/end-math symbol since I think
you left one out. Proceed, with fingers crossed.


Overfull \hbox (20.0pt too wide) in paragraph at lines 43--44
[]
 []


Overfull \hbox (27.05873pt too wide) in paragraph at lines 43--44
[]\OML/cmm/m/it/10 ath\OT1/cmr/m/n/10 ))$ 
 []


! LaTeX Error: Missing \begin{document}.

See the LaTeX manual or LaTeX Companion for explanation.
Type  H <return>  for immediate help.
 ...                                              
                                                  
l.45     c
          kpt = torch.load(pth_path, map_location='cpu')
You're in trouble here.  Try typing  <return>  to proceed.
If that doesn't work, type  X <return>  to quit.

Missing character: There is no c in font nullfont!
Missing character: There is no k in font nullfont!
Missing character: There is no p in font nullfont!
Missing character: There is no t in font nullfont!
Missing character: There is no = in font nullfont!
Missing character: There is no t in font nullfont!
Missing character: There is no o in font nullfont!
Missing character: There is no r in font nullfont!
Missing character: There is no c in font nullfont!
Missing character: There is no h in font nullfont!
Missing character: There is no . in font nullfont!
Missing character: There is no l in font nullfont!
Missing character: There is no o in font nullfont!
Missing character: There is no a in font nullfont!
Missing character: There is no d in font nullfont!
Missing character: There is no ( in font nullfont!
Missing character: There is no p in font nullfont!
Missing character: There is no t in font nullfont!
Missing character: There is no h in font nullfont!
! Missing $ inserted.
<inserted text> 
                $
l.45     ckpt = torch.load(pth_
                               path, map_location='cpu')
I've inserted a begin-math/end-math symbol since I think
you left one out. Proceed, with fingers crossed.

! Missing $ inserted.
<inserted text> 
                $
l.48 
     
I've inserted a begin-math/end-math symbol since I think
you left one out. Proceed, with fingers crossed.


Overfull \hbox (20.0pt too wide) in paragraph at lines 45--48
[]
 []


Overfull \hbox (91.61964pt too wide) in paragraph at lines 45--48
[]\OML/cmm/m/it/10 ath; map[]ocation \OT1/cmr/m/n/10 =[]
 []


Overfull \hbox (74.85233pt too wide) in paragraph at lines 45--48
\OML/cmm/m/it/10 cpu[]\OT1/cmr/m/n/10 )\OML/cmm/m/it/10 model[]ict \OT1/cmr/m/n
/10 =
 []


Overfull \hbox (108.46796pt too wide) in paragraph at lines 45--48
\OML/cmm/m/it/10 OrderedDict\OT1/cmr/m/n/10 ()\OML/cmm/m/it/10 pattern \OT1/cmr
/m/n/10 =
 []


Overfull \hbox (95.05191pt too wide) in paragraph at lines 45--48
\OML/cmm/m/it/10 re:compile\OT1/cmr/m/n/10 ([]\OML/cmm/m/it/10 module:[]\OT1/cm
r/m/n/10 )$ 
 []


! LaTeX Error: Missing \begin{document}.

See the LaTeX manual or LaTeX Companion for explanation.
Type  H <return>  for immediate help.
 ...                                              
                                                  
l.49     f
          or k, v in ckpt['state_dict_ema'].items():
You're in trouble here.  Try typing  <return>  to proceed.
If that doesn't work, type  X <return>  to quit.

Missing character: There is no f in font nullfont!
Missing character: There is no o in font nullfont!
Missing character: There is no r in font nullfont!
Missing character: There is no k in font nullfont!
Missing character: There is no , in font nullfont!
Missing character: There is no v in font nullfont!
Missing character: There is no i in font nullfont!
Missing character: There is no n in font nullfont!
Missing character: There is no c in font nullfont!
Missing character: There is no k in font nullfont!
Missing character: There is no p in font nullfont!
Missing character: There is no t in font nullfont!
Missing character: There is no [ in font nullfont!
Missing character: There is no ' in font nullfont!
Missing character: There is no s in font nullfont!
Missing character: There is no t in font nullfont!
Missing character: There is no a in font nullfont!
Missing character: There is no t in font nullfont!
Missing character: There is no e in font nullfont!
! Missing $ inserted.
<inserted text> 
                $
l.49     for k, v in ckpt['state_
                                 dict_ema'].items():
I've inserted a begin-math/end-math symbol since I think
you left one out. Proceed, with fingers crossed.

! Missing $ inserted.
<inserted text> 
                $
l.54 
     
I've inserted a begin-math/end-math symbol since I think
you left one out. Proceed, with fingers crossed.


Overfull \hbox (20.0pt too wide) in paragraph at lines 49--54
[]
 []


Overfull \hbox (81.28139pt too wide) in paragraph at lines 49--54
[]\OML/cmm/m/it/10 ict[]ma[]\OT1/cmr/m/n/10 ]\OML/cmm/m/it/10 :items\OT1/cmr/m/
n/10 () :
 []


Overfull \hbox (116.8412pt too wide) in paragraph at lines 49--54
\OML/cmm/m/it/10 ifre:search\OT1/cmr/m/n/10 ("\OML/cmm/m/it/10 module\OT1/cmr/m
/n/10 "\OML/cmm/m/it/10 ; k\OT1/cmr/m/n/10 ) :
 []


Overfull \hbox (145.84314pt too wide) in paragraph at lines 49--54
\OML/cmm/m/it/10 model[]ict\OT1/cmr/m/n/10 [\OML/cmm/m/it/10 re:sub\OT1/cmr/m/n
/10 (\OML/cmm/m/it/10 pattern;[] ; k\OT1/cmr/m/n/10 )] =
 []


Overfull \hbox (27.94211pt too wide) in paragraph at lines 49--54
\OML/cmm/m/it/10 velse \OT1/cmr/m/n/10 :
 []


Overfull \hbox (64.1509pt too wide) in paragraph at lines 49--54
\OML/cmm/m/it/10 model[]ict\OT1/cmr/m/n/10 [\OML/cmm/m/it/10 k\OT1/cmr/m/n/10 ]
 =
 []


Overfull \hbox (5.20601pt too wide) in paragraph at lines 49--54
\OML/cmm/m/it/10 v$ 
 []


! LaTeX Error: Missing \begin{document}.

See the LaTeX manual or LaTeX Companion for explanation.
Type  H <return>  for immediate help.
 ...                                              
                                                  
l.55     m
          odel.load_state_dict(model_dict, strict=True)
You're in trouble here.  Try typing  <return>  to proceed.
If that doesn't work, type  X <return>  to quit.

Missing character: There is no m in font nullfont!
Missing character: There is no o in font nullfont!
Missing character: There is no d in font nullfont!
Missing character: There is no e in font nullfont!
Missing character: There is no l in font nullfont!
Missing character: There is no . in font nullfont!
Missing character: There is no l in font nullfont!
Missing character: There is no o in font nullfont!
Missing character: There is no a in font nullfont!
Missing character: There is no d in font nullfont!
! Missing $ inserted.
<inserted text> 
                $
l.55     model.load_
                    state_dict(model_dict, strict=True)
I've inserted a begin-math/end-math symbol since I think
you left one out. Proceed, with fingers crossed.

! Missing $ inserted.
<inserted text> 
                $
l.57 
     
I've inserted a begin-math/end-math symbol since I think
you left one out. Proceed, with fingers crossed.


Overfull \hbox (143.36496pt too wide) in paragraph at lines 55--57
[]$[]\OML/cmm/m/it/10 tate[]ict\OT1/cmr/m/n/10 (\OML/cmm/m/it/10 model[]ict; st
rict \OT1/cmr/m/n/10 =
 []


Overfull \hbox (63.51634pt too wide) in paragraph at lines 55--57
\OML/cmm/m/it/10 True\OT1/cmr/m/n/10 )\OML/cmm/m/it/10 model \OT1/cmr/m/n/10 =
 []


Overfull \hbox (57.76755pt too wide) in paragraph at lines 55--57
\OML/cmm/m/it/10 model:cuda\OT1/cmr/m/n/10 ()$ 
 []


! LaTeX Error: Missing \begin{document}.

See the LaTeX manual or LaTeX Companion for explanation.
Type  H <return>  for immediate help.
 ...                                              
                                                  
l.58     l
          ogger.info('Loading test loader...')
You're in trouble here.  Try typing  <return>  to proceed.
If that doesn't work, type  X <return>  to quit.

Missing character: There is no l in font nullfont!
Missing character: There is no o in font nullfont!
Missing character: There is no g in font nullfont!
Missing character: There is no g in font nullfont!
Missing character: There is no e in font nullfont!
Missing character: There is no r in font nullfont!
Missing character: There is no . in font nullfont!
Missing character: There is no i in font nullfont!
Missing character: There is no n in font nullfont!
Missing character: There is no f in font nullfont!
Missing character: There is no o in font nullfont!
Missing character: There is no ( in font nullfont!
Missing character: There is no ' in font nullfont!
Missing character: There is no L in font nullfont!
Missing character: There is no o in font nullfont!
Missing character: There is no a in font nullfont!
Missing character: There is no d in font nullfont!
Missing character: There is no i in font nullfont!
Missing character: There is no n in font nullfont!
Missing character: There is no g in font nullfont!
Missing character: There is no t in font nullfont!
Missing character: There is no e in font nullfont!
Missing character: There is no s in font nullfont!
Missing character: There is no t in font nullfont!
Missing character: There is no l in font nullfont!
Missing character: There is no o in font nullfont!
Missing character: There is no a in font nullfont!
Missing character: There is no d in font nullfont!
Missing character: There is no e in font nullfont!
Missing character: There is no r in font nullfont!
Missing character: There is no . in font nullfont!
Missing character: There is no . in font nullfont!
Missing character: There is no . in font nullfont!
Missing character: There is no ' in font nullfont!
Missing character: There is no ) in font nullfont!
Missing character: There is no t in font nullfont!
Missing character: There is no r in font nullfont!
Missing character: There is no a in font nullfont!
Missing character: There is no i in font nullfont!
Missing character: There is no n in font nullfont!
! Missing $ inserted.
<inserted text> 
                $
l.59     train_
               dataset = dataset.myLoadDS(args.train_data_list, args.data_pa...
I've inserted a begin-math/end-math symbol since I think
you left one out. Proceed, with fingers crossed.

! Missing $ inserted.
<inserted text> 
                $
l.60 
     
I've inserted a begin-math/end-math symbol since I think
you left one out. Proceed, with fingers crossed.


Overfull \hbox (20.0pt too wide) in paragraph at lines 58--60
[]
 []


Overfull \hbox (42.35616pt too wide) in paragraph at lines 58--60
[]\OML/cmm/m/it/10 ataset \OT1/cmr/m/n/10 =
 []


Overfull \hbox (301.16708pt too wide) in paragraph at lines 58--60
\OML/cmm/m/it/10 dataset:myLoadDS\OT1/cmr/m/n/10 (\OML/cmm/m/it/10 args:train[]
ata[]ist; args:data[]ath; args:img[]ize\OT1/cmr/m/n/10 )$ 
 []


! LaTeX Error: Missing \begin{document}.

See the LaTeX manual or LaTeX Companion for explanation.
Type  H <return>  for immediate help.
 ...                                              
                                                  
l.61     t
          est_dataset = dataset.myLoadDS(args.test_data_list, args.data_path...

You're in trouble here.  Try typing  <return>  to proceed.
If that doesn't work, type  X <return>  to quit.

Missing character: There is no t in font nullfont!
Missing character: There is no e in font nullfont!
Missing character: There is no s in font nullfont!
Missing character: There is no t in font nullfont!
! Missing $ inserted.
<inserted text> 
                $
l.61     test_
              dataset = dataset.myLoadDS(args.test_data_list, args.data_path...
I've inserted a begin-math/end-math symbol since I think
you left one out. Proceed, with fingers crossed.

! Missing $ inserted.
<inserted text> 
                $
l.67 
     
I've inserted a begin-math/end-math symbol since I think
you left one out. Proceed, with fingers crossed.


Overfull \hbox (62.35616pt too wide) in paragraph at lines 61--67
[]$[]\OML/cmm/m/it/10 ataset \OT1/cmr/m/n/10 =
 []


Overfull \hbox (329.75891pt too wide) in paragraph at lines 61--67
\OML/cmm/m/it/10 dataset:myLoadDS\OT1/cmr/m/n/10 (\OML/cmm/m/it/10 args:test[]a
ta[]ist; args:data[]ath; args:img[]ize; ralph \OT1/cmr/m/n/10 =
 []


Overfull \hbox (140.62442pt too wide) in paragraph at lines 61--67
\OML/cmm/m/it/10 train[]ataset:ralph\OT1/cmr/m/n/10 )\OML/cmm/m/it/10 test[]oad
er \OT1/cmr/m/n/10 =
 []


Overfull \hbox (234.03517pt too wide) in paragraph at lines 61--67
\OML/cmm/m/it/10 torch:utils:data:DataLoader\OT1/cmr/m/n/10 (\OML/cmm/m/it/10 t
est[]ataset; batch[]ize \OT1/cmr/m/n/10 =
 []


Overfull \hbox (95.8038pt too wide) in paragraph at lines 61--67
\OML/cmm/m/it/10 args:val[]s; shuffle \OT1/cmr/m/n/10 =
 []


Overfull \hbox (91.03905pt too wide) in paragraph at lines 61--67
\OML/cmm/m/it/10 False; pin[]emory \OT1/cmr/m/n/10 =
 []


Overfull \hbox (93.67383pt too wide) in paragraph at lines 61--67
\OML/cmm/m/it/10 True; num[]orkers \OT1/cmr/m/n/10 =
 []


Overfull \hbox (82.82895pt too wide) in paragraph at lines 61--67
\OML/cmm/m/it/10 args:num[]orkers\OT1/cmr/m/n/10 )$ 
 []


! LaTeX Error: Missing \begin{document}.

See the LaTeX manual or LaTeX Companion for explanation.
Type  H <return>  for immediate help.
 ...                                              
                                                  
l.68     c
          onverter = utils.CTCLabelConverter(train_dataset.ralph.values())
You're in trouble here.  Try typing  <return>  to proceed.
If that doesn't work, type  X <return>  to quit.

Missing character: There is no c in font nullfont!
Missing character: There is no o in font nullfont!
Missing character: There is no n in font nullfont!
Missing character: There is no v in font nullfont!
Missing character: There is no e in font nullfont!
Missing character: There is no r in font nullfont!
Missing character: There is no t in font nullfont!
Missing character: There is no e in font nullfont!
Missing character: There is no r in font nullfont!
Missing character: There is no = in font nullfont!
Missing character: There is no u in font nullfont!
Missing character: There is no t in font nullfont!
Missing character: There is no i in font nullfont!
Missing character: There is no l in font nullfont!
Missing character: There is no s in font nullfont!
Missing character: There is no . in font nullfont!
Missing character: There is no C in font nullfont!
Missing character: There is no T in font nullfont!
Missing character: There is no C in font nullfont!
Missing character: There is no L in font nullfont!
Missing character: There is no a in font nullfont!
Missing character: There is no b in font nullfont!
Missing character: There is no e in font nullfont!
Missing character: There is no l in font nullfont!
Missing character: There is no C in font nullfont!
Missing character: There is no o in font nullfont!
Missing character: There is no n in font nullfont!
Missing character: There is no v in font nullfont!
Missing character: There is no e in font nullfont!
Missing character: There is no r in font nullfont!
Missing character: There is no t in font nullfont!
Missing character: There is no e in font nullfont!
Missing character: There is no r in font nullfont!
Missing character: There is no ( in font nullfont!
Missing character: There is no t in font nullfont!
Missing character: There is no r in font nullfont!
Missing character: There is no a in font nullfont!
Missing character: There is no i in font nullfont!
Missing character: There is no n in font nullfont!
! Missing $ inserted.
<inserted text> 
                $
l.68 ...converter = utils.CTCLabelConverter(train_
                                                  dataset.ralph.values())
I've inserted a begin-math/end-math symbol since I think
you left one out. Proceed, with fingers crossed.

! Missing $ inserted.
<inserted text> 
                $
l.70 
     
I've inserted a begin-math/end-math symbol since I think
you left one out. Proceed, with fingers crossed.


Overfull \hbox (20.0pt too wide) in paragraph at lines 68--70
[]
 []


Overfull \hbox (152.28142pt too wide) in paragraph at lines 68--70
[]\OML/cmm/m/it/10 ataset:ralph:values\OT1/cmr/m/n/10 ())\OML/cmm/m/it/10 crite
rion \OT1/cmr/m/n/10 =
 []


Overfull \hbox (144.74098pt too wide) in paragraph at lines 68--70
\OML/cmm/m/it/10 torch:nn:CTCLoss\OT1/cmr/m/n/10 (\OML/cmm/m/it/10 reduction \O
T1/cmr/m/n/10 =[]
 []


Overfull \hbox (95.76605pt too wide) in paragraph at lines 68--70
\OML/cmm/m/it/10 none[]; zero[]nfinity \OT1/cmr/m/n/10 =
 []


Overfull \hbox (72.80179pt too wide) in paragraph at lines 68--70
\OML/cmm/m/it/10 True\OT1/cmr/m/n/10 )\OML/cmm/m/it/10 :to\OT1/cmr/m/n/10 (\OML
/cmm/m/it/10 device\OT1/cmr/m/n/10 )$ 
 []


! LaTeX Error: Missing \begin{document}.

See the LaTeX manual or LaTeX Companion for explanation.
Type  H <return>  for immediate help.
 ...                                              
                                                  
l.71     m
          odel.eval()
You're in trouble here.  Try typing  <return>  to proceed.
If that doesn't work, type  X <return>  to quit.

Missing character: There is no m in font nullfont!
Missing character: There is no o in font nullfont!
Missing character: There is no d in font nullfont!
Missing character: There is no e in font nullfont!
Missing character: There is no l in font nullfont!
Missing character: There is no . in font nullfont!
Missing character: There is no e in font nullfont!
Missing character: There is no v in font nullfont!
Missing character: There is no a in font nullfont!
Missing character: There is no l in font nullfont!
Missing character: There is no ( in font nullfont!
Missing character: There is no ) in font nullfont!
Missing character: There is no w in font nullfont!
Missing character: There is no i in font nullfont!
Missing character: There is no t in font nullfont!
Missing character: There is no h in font nullfont!
Missing character: There is no t in font nullfont!
Missing character: There is no o in font nullfont!
Missing character: There is no r in font nullfont!
Missing character: There is no c in font nullfont!
Missing character: There is no h in font nullfont!
Missing character: There is no . in font nullfont!
Missing character: There is no n in font nullfont!
Missing character: There is no o in font nullfont!
! Missing $ inserted.
<inserted text> 
                $
l.72     with torch.no_
                       grad():
I've inserted a begin-math/end-math symbol since I think
you left one out. Proceed, with fingers crossed.

! Missing $ inserted.
<inserted text> 
                $
l.77 
     
I've inserted a begin-math/end-math symbol since I think
you left one out. Proceed, with fingers crossed.


Overfull \hbox (20.0pt too wide) in paragraph at lines 71--77
[]
 []


Overfull \hbox (33.26587pt too wide) in paragraph at lines 71--77
[]\OML/cmm/m/it/10 rad\OT1/cmr/m/n/10 () :
 []


Overfull \hbox (164.03093pt too wide) in paragraph at lines 71--77
\OML/cmm/m/it/10 val[]oss; val[]er; val[]er; preds; labels \OT1/cmr/m/n/10 =
 []


Overfull \hbox (245.05708pt too wide) in paragraph at lines 71--77
\OML/cmm/m/it/10 valid:validation\OT1/cmr/m/n/10 (\OML/cmm/m/it/10 model; crite
rion; test[]oader; converter\OT1/cmr/m/n/10 )$ 
 []


! LaTeX Error: Missing \begin{document}.

See the LaTeX manual or LaTeX Companion for explanation.
Type  H <return>  for immediate help.
 ...                                              
                                                  
l.78     l
          ogger.info(
You're in trouble here.  Try typing  <return>  to proceed.
If that doesn't work, type  X <return>  to quit.

Missing character: There is no l in font nullfont!
Missing character: There is no o in font nullfont!
Missing character: There is no g in font nullfont!
Missing character: There is no g in font nullfont!
Missing character: There is no e in font nullfont!
Missing character: There is no r in font nullfont!
Missing character: There is no . in font nullfont!
Missing character: There is no i in font nullfont!
Missing character: There is no n in font nullfont!
Missing character: There is no f in font nullfont!
Missing character: There is no o in font nullfont!
Missing character: There is no ( in font nullfont!
Missing character: There is no f in font nullfont!
Missing character: There is no ' in font nullfont!
Missing character: There is no T in font nullfont!
Missing character: There is no e in font nullfont!
Missing character: There is no s in font nullfont!
Missing character: There is no t in font nullfont!
Missing character: There is no . in font nullfont!
Missing character: There is no l in font nullfont!
Missing character: There is no o in font nullfont!
Missing character: There is no s in font nullfont!
Missing character: There is no s in font nullfont!
Missing character: There is no : in font nullfont!
Missing character: There is no v in font nullfont!
Missing character: There is no a in font nullfont!
Missing character: There is no l in font nullfont!
! Missing $ inserted.
<inserted text> 
                $
l.79         f'Test. loss : {val_
                                 loss:0.3f} \t CER : {val_cer:0.4f} \t WER :...
I've inserted a begin-math/end-math symbol since I think
you left one out. Proceed, with fingers crossed.

! Extra }, or forgotten $.
l.79         f'Test. loss : {val_loss:0.3f}
                                            \t CER : {val_cer:0.4f} \t WER :...
I've deleted a group-closing symbol because it seems to be
spurious, as in `$x}$'. But perhaps the } is legitimate and
you forgot something else, as in `\hbox{$x}'. In such cases
the way to recover is to insert both the forgotten and the
deleted material, e.g., by typing `I$}'.


LaTeX Warning: Command \t invalid in math mode on input line 79.


LaTeX Warning: Command \t invalid in math mode on input line 79.

LaTeX Font Info:    Trying to load font information for +cmr on input line 79.
LaTeX Font Info:    No file cmr.fd. on input line 79.

LaTeX Font Warning: Font shape `/cmr/m/n' undefined
(Font)              using `/cmr/m/n' instead on input line 79.

! Corrupted NFSS tables.
wrong@fontshape ...message {Corrupted NFSS tables}
                                                  error@fontshape else let f...
l.79         f'Test. loss : {val_loss:0.3f} \t C
                                                ER : {val_cer:0.4f} \t WER :...
This error message was generated by an \errmessage
command, so I can't give any explicit help.
Pretend that you're Hercule Poirot: Examine all clues,
and deduce the truth by order and method.


LaTeX Font Warning: Font shape `/cmr/m/n' undefined
(Font)              using `OT1/cmr/m/n' instead on input line 79.

! Please use \mathaccent for accents in math mode.
\add@accent ... \let \ignorespaces \relax \accent 
                                                  #1 #2\egroup \ifmmode \els...
l.79         f'Test. loss : {val_loss:0.3f} \t C
                                                ER : {val_cer:0.4f} \t WER :...
I'm changing \accent to \mathaccent here; wish me luck.
(Accents are not the same in formulas as they are in text.)

! Missing { inserted.
<to be read again> 
                   \edef 
l.79         f'Test. loss : {val_loss:0.3f} \t C
                                                ER : {val_cer:0.4f} \t WER :...
A left brace was mandatory here, so I've put one in.
You might want to delete and/or insert some corrections
so that I will find a matching right brace soon.
(If you're confused by all this, try typing `I}' now.)


LaTeX Warning: Command \t invalid in math mode on input line 79.

! Please use \mathaccent for accents in math mode.
\add@accent ... \let \ignorespaces \relax \accent 
                                                  #1 #2\egroup \ifmmode \els...
l.79 ...al_loss:0.3f} \t CER : {val_cer:0.4f} \t W
                                                  ER : {val_wer:0.4f} ')
I'm changing \accent to \mathaccent here; wish me luck.
(Accents are not the same in formulas as they are in text.)

! Missing $ inserted.
<inserted text> 
                $
l.80 
     
I've inserted a begin-math/end-math symbol since I think
you left one out. Proceed, with fingers crossed.

! Missing } inserted.
<inserted text> 
                }
l.80 
     
I've inserted something that you may have forgotten.
(See the <inserted text> above.)
With luck, this will get me unwedged. But if you
really didn't forget anything, try typing `2' now; then
my insertion and my current dilemma will both disappear.


Overfull \hbox (20.0pt too wide) in paragraph at lines 78--80
[]
 []


Overfull \hbox (22.84718pt too wide) in paragraph at lines 78--80
[]\OML/cmm/m/it/10 oss \/cmr/m/n/10 :
 []


Overfull \hbox (202.62007pt too wide) in paragraph at lines 78--80
\/cmr/m/n/10 0\OML/cmm/m/it/10 :\/cmr/m/n/10 3\OML/cmm/m/it/10 f[]$ 
 []


! LaTeX Error: Missing \begin{document}.

See the LaTeX manual or LaTeX Companion for explanation.
Type  H <return>  for immediate help.
 ...                                              
                                                  
l.82 i
      f __name__ == '__main__':
You're in trouble here.  Try typing  <return>  to proceed.
If that doesn't work, type  X <return>  to quit.

Missing character: There is no i in font nullfont!
Missing character: There is no f in font nullfont!
! Missing $ inserted.
<inserted text> 
                $
l.82 if _
         _name__ == '__main__':
I've inserted a begin-math/end-math symbol since I think
you left one out. Proceed, with fingers crossed.

! Missing { inserted.
<to be read again> 
                   _
l.82 if __
          name__ == '__main__':
A left brace was mandatory here, so I've put one in.
You might want to delete and/or insert some corrections
so that I will find a matching right brace soon.
(If you're confused by all this, try typing `I}' now.)

! Missing { inserted.
<to be read again> 
                   _
l.82 if __name__
                 == '__main__':
A left brace was mandatory here, so I've put one in.
You might want to delete and/or insert some corrections
so that I will find a matching right brace soon.
(If you're confused by all this, try typing `I}' now.)

! Missing { inserted.
<to be read again> 
                   _
l.82 if __name__ == '__
                       main__':
A left brace was mandatory here, so I've put one in.
You might want to delete and/or insert some corrections
so that I will find a matching right brace soon.
(If you're confused by all this, try typing `I}' now.)

! Missing { inserted.
<to be read again> 
                   _
l.82 if __name__ == '__main__
                             ':
A left brace was mandatory here, so I've put one in.
You might want to delete and/or insert some corrections
so that I will find a matching right brace soon.
(If you're confused by all this, try typing `I}' now.)

! Missing { inserted.
<to be read again> 
                   ^
l.82 if __name__ == '__main__'
                              :
A left brace was mandatory here, so I've put one in.
You might want to delete and/or insert some corrections
so that I will find a matching right brace soon.
(If you're confused by all this, try typing `I}' now.)

)
! Emergency stop.
<*> ...ownloads/thesis_HTR_ViT/HTR-VT-main/test.py
                                                  
*** (job aborted, no legal \end found)

 
Here is how much of TeX's memory you used:
 37 strings out of 476402
 618 string characters out of 5794300
 1930542 words of memory out of 5000000
 22179 multiletter control sequences out of 15000+600000
 558404 words of font info for 37 fonts, out of 8000000 for 9000
 14 hyphenation exceptions out of 8191
 23i,7n,32p,197b,107s stack positions out of 10000i,1000n,20000p,200000b,200000s
!  ==> Fatal error occurred, no output PDF file produced!
